// Vitest Snapshot v1, https://vitest.dev/guide/snapshot.html

exports[`Shop > should render shop and match snapshot 1`] = `
<div>
  <div
    class="flex flex-wrap p-6"
  >
    <div
      class="box-border w-full md:w-1/2 p-3"
    >
      <div
        class="flex rounded-lg cursor-pointer bg-[#FFFFFF] shadow-xl"
      >
        <div
          class="flex-none w-1/3 h-64"
        >
          <img
            class="inset-0 w-full h-full object-cover rounded-l-lg"
            src="https://via.placeholder.com/150"
          />
        </div>
        <div
          class="flex-auto p-6 flex flex-col"
        >
          <div
            class="flex flex-col"
          >
            <h1
              class="flex-auto text-base md:text-lg font-semibold text-black"
            >
              Product 1
            </h1>
            <div
              class="text-base md:text-lg font-semibold text-gray-500"
            >
              $
              10
            </div>
          </div>
          <div
            class="flex flex-1 items-center justify-center mb-5"
          >
            <button
              class="w-8 h-8 border"
            >
              -
            </button>
            <input
              aria-label="selected amount"
              class="w-16 h-8 text-center"
              min="0"
              type="number"
              value="1"
            />
            <button
              class="w-8 h-8 border"
            >
              +
            </button>
          </div>
          <button
            class="h-10 text-[0.9rem] font-semibold text-[#FFFFFF] bg-[#283618] active:scale-95 transition-all duration-100"
            type="submit"
          >
            Add to cart
          </button>
        </div>
      </div>
    </div>
    <div
      class="box-border w-full md:w-1/2 p-3"
    >
      <div
        class="flex rounded-lg cursor-pointer bg-[#FFFFFF] shadow-xl"
      >
        <div
          class="flex-none w-1/3 h-64"
        >
          <img
            class="inset-0 w-full h-full object-cover rounded-l-lg"
            src="https://via.placeholder.com/150"
          />
        </div>
        <div
          class="flex-auto p-6 flex flex-col"
        >
          <div
            class="flex flex-col"
          >
            <h1
              class="flex-auto text-base md:text-lg font-semibold text-black"
            >
              Product 2
            </h1>
            <div
              class="text-base md:text-lg font-semibold text-gray-500"
            >
              $
              20
            </div>
          </div>
          <div
            class="flex flex-1 items-center justify-center mb-5"
          >
            <button
              class="w-8 h-8 border"
            >
              -
            </button>
            <input
              aria-label="selected amount"
              class="w-16 h-8 text-center"
              min="0"
              type="number"
              value="1"
            />
            <button
              class="w-8 h-8 border"
            >
              +
            </button>
          </div>
          <button
            class="h-10 text-[0.9rem] font-semibold text-[#FFFFFF] bg-[#283618] active:scale-95 transition-all duration-100"
            type="submit"
          >
            Add to cart
          </button>
        </div>
      </div>
    </div>
    <div
      class="box-border w-full md:w-1/2 p-3"
    >
      <div
        class="flex rounded-lg cursor-pointer bg-[#FFFFFF] shadow-xl"
      >
        <div
          class="flex-none w-1/3 h-64"
        >
          <img
            class="inset-0 w-full h-full object-cover rounded-l-lg"
            src="https://via.placeholder.com/150"
          />
        </div>
        <div
          class="flex-auto p-6 flex flex-col"
        >
          <div
            class="flex flex-col"
          >
            <h1
              class="flex-auto text-base md:text-lg font-semibold text-black"
            >
              Product 3
            </h1>
            <div
              class="text-base md:text-lg font-semibold text-gray-500"
            >
              $
              250
            </div>
          </div>
          <div
            class="flex flex-1 items-center justify-center mb-5"
          >
            <button
              class="w-8 h-8 border"
            >
              -
            </button>
            <input
              aria-label="selected amount"
              class="w-16 h-8 text-center"
              min="0"
              type="number"
              value="1"
            />
            <button
              class="w-8 h-8 border"
            >
              +
            </button>
          </div>
          <button
            class="h-10 text-[0.9rem] font-semibold text-[#FFFFFF] bg-[#283618] active:scale-95 transition-all duration-100"
            type="submit"
          >
            Add to cart
          </button>
        </div>
      </div>
    </div>
  </div>
</div>
`;
